Archive member included to satisfy reference by file (symbol)

/opt/st/stm32cubeide_1.14.0/plugins/com.st.stm32cube.ide.mcu.externaltools.gnu-tools-for-stm32.11.3.rel1.linux64_1.1.100.202309141235/tools/bin/../lib/gcc/arm-none-eabi/11.3.1/../../../../arm-none-eabi/lib/thumb/v7e-m/nofp/libc_nano.a(libc_a-exit.o)
                              /opt/st/stm32cubeide_1.14.0/plugins/com.st.stm32cube.ide.mcu.externaltools.gnu-tools-for-stm32.11.3.rel1.linux64_1.1.100.202309141235/tools/bin/../lib/gcc/arm-none-eabi/11.3.1/../../../../arm-none-eabi/lib/thumb/v7e-m/nofp/crt0.o (exit)
/opt/st/stm32cubeide_1.14.0/plugins/com.st.stm32cube.ide.mcu.externaltools.gnu-tools-for-stm32.11.3.rel1.linux64_1.1.100.202309141235/tools/bin/../lib/gcc/arm-none-eabi/11.3.1/../../../../arm-none-eabi/lib/thumb/v7e-m/nofp/libc_nano.a(libc_a-findfp.o)
                              /opt/st/stm32cubeide_1.14.0/plugins/com.st.stm32cube.ide.mcu.externaltools.gnu-tools-for-stm32.11.3.rel1.linux64_1.1.100.202309141235/tools/bin/../lib/gcc/arm-none-eabi/11.3.1/../../../../arm-none-eabi/lib/thumb/v7e-m/nofp/libc_nano.a(libc_a-exit.o) (__stdio_exit_handler)
/opt/st/stm32cubeide_1.14.0/plugins/com.st.stm32cube.ide.mcu.externaltools.gnu-tools-for-stm32.11.3.rel1.linux64_1.1.100.202309141235/tools/bin/../lib/gcc/arm-none-eabi/11.3.1/../../../../arm-none-eabi/lib/thumb/v7e-m/nofp/libc_nano.a(libc_a-fwalk.o)
                              /opt/st/stm32cubeide_1.14.0/plugins/com.st.stm32cube.ide.mcu.externaltools.gnu-tools-for-stm32.11.3.rel1.linux64_1.1.100.202309141235/tools/bin/../lib/gcc/arm-none-eabi/11.3.1/../../../../arm-none-eabi/lib/thumb/v7e-m/nofp/libc_nano.a(libc_a-findfp.o) (_fwalk_sglue)
/opt/st/stm32cubeide_1.14.0/plugins/com.st.stm32cube.ide.mcu.externaltools.gnu-tools-for-stm32.11.3.rel1.linux64_1.1.100.202309141235/tools/bin/../lib/gcc/arm-none-eabi/11.3.1/../../../../arm-none-eabi/lib/thumb/v7e-m/nofp/libc_nano.a(libc_a-stdio.o)
                              /opt/st/stm32cubeide_1.14.0/plugins/com.st.stm32cube.ide.mcu.externaltools.gnu-tools-for-stm32.11.3.rel1.linux64_1.1.100.202309141235/tools/bin/../lib/gcc/arm-none-eabi/11.3.1/../../../../arm-none-eabi/lib/thumb/v7e-m/nofp/libc_nano.a(libc_a-findfp.o) (__sread)
/opt/st/stm32cubeide_1.14.0/plugins/com.st.stm32cube.ide.mcu.externaltools.gnu-tools-for-stm32.11.3.rel1.linux64_1.1.100.202309141235/tools/bin/../lib/gcc/arm-none-eabi/11.3.1/../../../../arm-none-eabi/lib/thumb/v7e-m/nofp/libc_nano.a(libc_a-memset.o)
                              /opt/st/stm32cubeide_1.14.0/plugins/com.st.stm32cube.ide.mcu.externaltools.gnu-tools-for-stm32.11.3.rel1.linux64_1.1.100.202309141235/tools/bin/../lib/gcc/arm-none-eabi/11.3.1/../../../../arm-none-eabi/lib/thumb/v7e-m/nofp/crt0.o (memset)
/opt/st/stm32cubeide_1.14.0/plugins/com.st.stm32cube.ide.mcu.externaltools.gnu-tools-for-stm32.11.3.rel1.linux64_1.1.100.202309141235/tools/bin/../lib/gcc/arm-none-eabi/11.3.1/../../../../arm-none-eabi/lib/thumb/v7e-m/nofp/libc_nano.a(libc_a-closer.o)
                              /opt/st/stm32cubeide_1.14.0/plugins/com.st.stm32cube.ide.mcu.externaltools.gnu-tools-for-stm32.11.3.rel1.linux64_1.1.100.202309141235/tools/bin/../lib/gcc/arm-none-eabi/11.3.1/../../../../arm-none-eabi/lib/thumb/v7e-m/nofp/libc_nano.a(libc_a-stdio.o) (_close_r)
/opt/st/stm32cubeide_1.14.0/plugins/com.st.stm32cube.ide.mcu.externaltools.gnu-tools-for-stm32.11.3.rel1.linux64_1.1.100.202309141235/tools/bin/../lib/gcc/arm-none-eabi/11.3.1/../../../../arm-none-eabi/lib/thumb/v7e-m/nofp/libc_nano.a(libc_a-reent.o)
                              /opt/st/stm32cubeide_1.14.0/plugins/com.st.stm32cube.ide.mcu.externaltools.gnu-tools-for-stm32.11.3.rel1.linux64_1.1.100.202309141235/tools/bin/../lib/gcc/arm-none-eabi/11.3.1/../../../../arm-none-eabi/lib/thumb/v7e-m/nofp/libc_nano.a(libc_a-closer.o) (errno)
/opt/st/stm32cubeide_1.14.0/plugins/com.st.stm32cube.ide.mcu.externaltools.gnu-tools-for-stm32.11.3.rel1.linux64_1.1.100.202309141235/tools/bin/../lib/gcc/arm-none-eabi/11.3.1/../../../../arm-none-eabi/lib/thumb/v7e-m/nofp/libc_nano.a(libc_a-impure.o)
                              /opt/st/stm32cubeide_1.14.0/plugins/com.st.stm32cube.ide.mcu.externaltools.gnu-tools-for-stm32.11.3.rel1.linux64_1.1.100.202309141235/tools/bin/../lib/gcc/arm-none-eabi/11.3.1/../../../../arm-none-eabi/lib/thumb/v7e-m/nofp/libc_nano.a(libc_a-reent.o) (_impure_ptr)
/opt/st/stm32cubeide_1.14.0/plugins/com.st.stm32cube.ide.mcu.externaltools.gnu-tools-for-stm32.11.3.rel1.linux64_1.1.100.202309141235/tools/bin/../lib/gcc/arm-none-eabi/11.3.1/../../../../arm-none-eabi/lib/thumb/v7e-m/nofp/libc_nano.a(libc_a-lseekr.o)
                              /opt/st/stm32cubeide_1.14.0/plugins/com.st.stm32cube.ide.mcu.externaltools.gnu-tools-for-stm32.11.3.rel1.linux64_1.1.100.202309141235/tools/bin/../lib/gcc/arm-none-eabi/11.3.1/../../../../arm-none-eabi/lib/thumb/v7e-m/nofp/libc_nano.a(libc_a-stdio.o) (_lseek_r)
[...]
Memory Configuration

Name             Origin             Length             Attributes
RAM              0x0000000020000000 0x0000000000020000 xrw
FLASH            0x0000000008000000 0x0000000000080000 xr
*default*        0x0000000000000000 0xffffffffffffffff

Linker script and memory map

LOAD /opt/st/stm32cubeide_1.14.0/plugins/com.st.stm32cube.ide.mcu.externaltools.gnu-tools-for-stm32.11.3.rel1.linux64_1.1.100.202309141235/tools/bin/../lib/gcc/arm-none-eabi/11.3.1/thumb/v7e-m/nofp/crti.o
LOAD /opt/st/stm32cubeide_1.14.0/plugins/com.st.stm32cube.ide.mcu.externaltools.gnu-tools-for-stm32.11.3.rel1.linux64_1.1.100.202309141235/tools/bin/../lib/gcc/arm-none-eabi/11.3.1/thumb/v7e-m/nofp/crtbegin.o
LOAD /opt/st/stm32cubeide_1.14.0/plugins/com.st.stm32cube.ide.mcu.externaltools.gnu-tools-for-stm32.11.3.rel1.linux64_1.1.100.202309141235/tools/bin/../lib/gcc/arm-none-eabi/11.3.1/../../../../arm-none-eabi/lib/thumb/v7e-m/nofp/crt0.o
LOAD ./Drivers/Src/stm32f446xx_gpio.o
LOAD ./Src/main.o
LOAD ./Startup/startup_stm32f446retx.o
START GROUP
LOAD /opt/st/stm32cubeide_1.14.0/plugins/com.st.stm32cube.ide.mcu.externaltools.gnu-tools-for-stm32.11.3.rel1.linux64_1.1.100.202309141235/tools/bin/../lib/gcc/arm-none-eabi/11.3.1/../../../../arm-none-eabi/lib/thumb/v7e-m/nofp/libc_nano.a
LOAD /opt/st/stm32cubeide_1.14.0/plugins/com.st.stm32cube.ide.mcu.externaltools.gnu-tools-for-stm32.11.3.rel1.linux64_1.1.100.202309141235/tools/bin/../lib/gcc/arm-none-eabi/11.3.1/../../../../arm-none-eabi/lib/thumb/v7e-m/nofp/libm.a
END GROUP
START GROUP
LOAD /opt/st/stm32cubeide_1.14.0/plugins/com.st.stm32cube.ide.mcu.externaltools.gnu-tools-for-stm32.11.3.rel1.linux64_1.1.100.202309141235/tools/bin/../lib/gcc/arm-none-eabi/11.3.1/thumb/v7e-m/nofp/libgcc.a
LOAD /opt/st/stm32cubeide_1.14.0/plugins/com.st.stm32cube.ide.mcu.externaltools.gnu-tools-for-stm32.11.3.rel1.linux64_1.1.100.202309141235/tools/bin/../lib/gcc/arm-none-eabi/11.3.1/../../../../arm-none-eabi/lib/thumb/v7e-m/nofp/libc_nano.a
END GROUP
START GROUP
LOAD /opt/st/stm32cubeide_1.14.0/plugins/com.st.stm32cube.ide.mcu.externaltools.gnu-tools-for-stm32.11.3.rel1.linux64_1.1.100.202309141235/tools/bin/../lib/gcc/arm-none-eabi/11.3.1/thumb/v7e-m/nofp/libgcc.a
LOAD /opt/st/stm32cubeide_1.14.0/plugins/com.st.stm32cube.ide.mcu.externaltools.gnu-tools-for-stm32.11.3.rel1.linux64_1.1.100.202309141235/tools/bin/../lib/gcc/arm-none-eabi/11.3.1/../../../../arm-none-eabi/lib/thumb/v7e-m/nofp/libc_nano.a
LOAD /opt/st/stm32cubeide_1.14.0/plugins/com.st.stm32cube.ide.mcu.externaltools.gnu-tools-for-stm32.11.3.rel1.linux64_1.1.100.202309141235/tools/bin/../lib/gcc/arm-none-eabi/11.3.1/../../../../arm-none-eabi/lib/thumb/v7e-m/nofp/libnosys.a
END GROUP
START GROUP
LOAD /opt/st/stm32cubeide_1.14.0/plugins/com.st.stm32cube.ide.mcu.externaltools.gnu-tools-for-stm32.11.3.rel1.linux64_1.1.100.202309141235/tools/bin/../lib/gcc/arm-none-eabi/11.3.1/thumb/v7e-m/nofp/libgcc.a
LOAD /opt/st/stm32cubeide_1.14.0/plugins/com.st.stm32cube.ide.mcu.externaltools.gnu-tools-for-stm32.11.3.rel1.linux64_1.1.100.202309141235/tools/bin/../lib/gcc/arm-none-eabi/11.3.1/../../../../arm-none-eabi/lib/thumb/v7e-m/nofp/libc_nano.a
LOAD /opt/st/stm32cubeide_1.14.0/plugins/com.st.stm32cube.ide.mcu.externaltools.gnu-tools-for-stm32.11.3.rel1.linux64_1.1.100.202309141235/tools/bin/../lib/gcc/arm-none-eabi/11.3.1/../../../../arm-none-eabi/lib/thumb/v7e-m/nofp/libnosys.a
END GROUP
LOAD /opt/st/stm32cubeide_1.14.0/plugins/com.st.stm32cube.ide.mcu.externaltools.gnu-tools-for-stm32.11.3.rel1.linux64_1.1.100.202309141235/tools/bin/../lib/gcc/arm-none-eabi/11.3.1/thumb/v7e-m/nofp/crtend.o
LOAD /opt/st/stm32cubeide_1.14.0/plugins/com.st.stm32cube.ide.mcu.externaltools.gnu-tools-for-stm32.11.3.rel1.linux64_1.1.100.202309141235/tools/bin/../lib/gcc/arm-none-eabi/11.3.1/thumb/v7e-m/nofp/crtn.o
                0x0000000020020000                _estack = (ORIGIN (RAM) + LENGTH (RAM))
                0x0000000000000200                _Min_Heap_Size = 0x200
                0x0000000000000400                _Min_Stack_Size = 0x400

.isr_vector     0x0000000008000000      0x1c4
                0x0000000008000000                . = ALIGN (0x4)
 *(.isr_vector)
 .isr_vector    0x0000000008000000      0x1c4 ./Startup/startup_stm32f446retx.o
                0x0000000008000000                g_pfnVectors
                0x00000000080001c4                . = ALIGN (0x4)

.text           0x00000000080001c4      0x624
                0x00000000080001c4                . = ALIGN (0x4)
 *(.text)
 .text          0x00000000080001c4       0x40 /opt/st/stm32cubeide_1.14.0/plugins/com.st.stm32cube.ide.mcu.externaltools.gnu-tools-for-stm32.11.3.rel1.linux64_1.1.100.202309141235/tools/bin/../lib/gcc/arm-none-eabi/11.3.1/thumb/v7e-m/nofp/crtbegin.o
 *(.text*)
 .text.GPIO_ClkCtrl
                0x0000000008000204      0x1a4 ./Drivers/Src/stm32f446xx_gpio.o
                0x0000000008000204                GPIO_ClkCtrl
 .text.GPIO_Init
                0x00000000080003a8      0x17c ./Drivers/Src/stm32f446xx_gpio.o
                0x00000000080003a8                GPIO_Init
 .text.GPIO_ReadPin
                0x0000000008000524       0x28 ./Drivers/Src/stm32f446xx_gpio.o
                0x0000000008000524                GPIO_ReadPin
 .text.GPIO_WritePin
                0x000000000800054c       0x4e ./Drivers/Src/stm32f446xx_gpio.o
                0x000000000800054c                GPIO_WritePin
 .text.GPIO_TogglePin
                0x000000000800059a       0x28 ./Drivers/Src/stm32f446xx_gpio.o
                0x000000000800059a                GPIO_TogglePin
 .text.delay    0x00000000080005c2       0x22 ./Src/main.o
                0x00000000080005c2                delay
 .text.GPIO_LED_Init
                0x00000000080005e4       0x94 ./Src/main.o
                0x00000000080005e4                GPIO_LED_Init
 .text.main     0x0000000008000678       0xbc ./Src/main.o
                0x0000000008000678                main
 .text.Reset_Handler
                0x0000000008000734       0x50 ./Startup/startup_stm32f446retx.o
                0x0000000008000734                Reset_Handler
 .text.Default_Handler
                0x0000000008000784        0x2 ./Startup/startup_stm32f446retx.o
                0x0000000008000784                RTC_Alarm_IRQHandler
                0x0000000008000784                EXTI2_IRQHandler
                0x0000000008000784                TIM8_CC_IRQHandler
                0x0000000008000784                SPDIF_Rx_IRQHandler
                0x0000000008000784                DebugMon_Handler
                0x0000000008000784                SPI4_IRQHandler
                0x0000000008000784                TIM1_CC_IRQHandler
                0x0000000008000784                QuadSPI_IRQHandler
                0x0000000008000784                DMA2_Stream5_IRQHandler
                0x0000000008000784                HardFault_Handler
                0x0000000008000784                DMA1_Stream5_IRQHandler
                0x0000000008000784                SysTick_Handler
                0x0000000008000784                PVD_IRQHandler
                0x0000000008000784                SDIO_IRQHandler
                0x0000000008000784                TAMP_STAMP_IRQHandler
                0x0000000008000784                PendSV_Handler
                0x0000000008000784                NMI_Handler
                0x0000000008000784                CAN2_RX1_IRQHandler
                0x0000000008000784                EXTI3_IRQHandler
                0x0000000008000784                TIM8_TRG_COM_TIM14_IRQHandler
                0x0000000008000784                TIM1_UP_TIM10_IRQHandler
                0x0000000008000784                FMPI2C1_error_IRQHandler
                0x0000000008000784                TIM8_UP_TIM13_IRQHandler
                0x0000000008000784                I2C3_ER_IRQHandler
                0x0000000008000784                EXTI0_IRQHandler
                0x0000000008000784                I2C2_EV_IRQHandler
                0x0000000008000784                DMA1_Stream2_IRQHandler
                0x0000000008000784                CAN1_RX0_IRQHandler
                0x0000000008000784                OTG_HS_WKUP_IRQHandler
                0x0000000008000784                UsageFault_Handler
                0x0000000008000784                CAN2_SCE_IRQHandler
                0x0000000008000784                DMA2_Stream2_IRQHandler
                0x0000000008000784                SPI1_IRQHandler
                0x0000000008000784                TIM6_DAC_IRQHandler
                0x0000000008000784                TIM1_BRK_TIM9_IRQHandler
                0x0000000008000784                DCMI_IRQHandler
                0x0000000008000784                CAN2_RX0_IRQHandler
                0x0000000008000784                DMA2_Stream3_IRQHandler
                0x0000000008000784                FMPI2C1_IRQHandler
                0x0000000008000784                SAI2_IRQHandler
                0x0000000008000784                USART6_IRQHandler
                0x0000000008000784                USART3_IRQHandler
                0x0000000008000784                CAN1_RX1_IRQHandler
                0x0000000008000784                UART5_IRQHandler
                0x0000000008000784                DMA2_Stream0_IRQHandler
                0x0000000008000784                TIM4_IRQHandler
                0x0000000008000784                I2C1_EV_IRQHandler
                0x0000000008000784                HDMI_CEC_IRQHandler
                0x0000000008000784                DMA1_Stream6_IRQHandler
                0x0000000008000784                DMA1_Stream1_IRQHandler
                0x0000000008000784                UART4_IRQHandler
                0x0000000008000784                TIM3_IRQHandler
                0x0000000008000784                RCC_IRQHandler
                0x0000000008000784                TIM8_BRK_TIM12_IRQHandler
                0x0000000008000784                Default_Handler
                0x0000000008000784                EXTI15_10_IRQHandler
                0x0000000008000784                ADC_IRQHandler
                0x0000000008000784                DMA1_Stream7_IRQHandler
                0x0000000008000784                TIM7_IRQHandler
                0x0000000008000784                CAN2_TX_IRQHandler
                0x0000000008000784                TIM5_IRQHandler
                0x0000000008000784                DMA2_Stream7_IRQHandler
                0x0000000008000784                I2C3_EV_IRQHandler
                0x0000000008000784                EXTI9_5_IRQHandler
                0x0000000008000784                RTC_WKUP_IRQHandler
                0x0000000008000784                SPI2_IRQHandler
                0x0000000008000784                OTG_HS_EP1_IN_IRQHandler
                0x0000000008000784                MemManage_Handler
                0x0000000008000784                DMA1_Stream0_IRQHandler
                0x0000000008000784                CAN1_TX_IRQHandler
                0x0000000008000784                SVC_Handler
                0x0000000008000784                EXTI4_IRQHandler
                0x0000000008000784                OTG_HS_EP1_OUT_IRQHandler
                0x0000000008000784                WWDG_IRQHandler
                0x0000000008000784                TIM2_IRQHandler
                0x0000000008000784                OTG_FS_WKUP_IRQHandler
                0x0000000008000784                TIM1_TRG_COM_TIM11_IRQHandler
                0x0000000008000784                OTG_HS_IRQHandler
                0x0000000008000784                EXTI1_IRQHandler
                0x0000000008000784                USART2_IRQHandler
                0x0000000008000784                I2C2_ER_IRQHandler
                0x0000000008000784                DMA2_Stream1_IRQHandler
                0x0000000008000784                CAN1_SCE_IRQHandler
                0x0000000008000784                FLASH_IRQHandler
                0x0000000008000784                DMA2_Stream4_IRQHandler
                0x0000000008000784                BusFault_Handler
                0x0000000008000784                USART1_IRQHandler
                0x0000000008000784                OTG_FS_IRQHandler
                0x0000000008000784                SPI3_IRQHandler
                0x0000000008000784                DMA1_Stream4_IRQHandler
                0x0000000008000784                I2C1_ER_IRQHandler
                0x0000000008000784                FMC_IRQHandler
                0x0000000008000784                DMA2_Stream6_IRQHandler
                0x0000000008000784                SAI1_IRQHandler
                0x0000000008000784                DMA1_Stream3_IRQHandler
 *fill*         0x0000000008000786        0x2 
 .text.__libc_init_array
                0x0000000008000788       0x48 /opt/st/stm32cubeide_1.14.0/plugins/com.st.stm32cube.ide.mcu.externaltools.gnu-tools-for-stm32.11.3.rel1.linux64_1.1.100.202309141235/tools/bin/../lib/gcc/arm-none-eabi/11.3.1/../../../../arm-none-eabi/lib/thumb/v7e-m/nofp/libc_nano.a(libc_a-init.o)
                0x0000000008000788                __libc_init_array
 *(.glue_7)
 .glue_7        0x00000000080007d0        0x0 linker stubs
 *(.glue_7t)
 .glue_7t       0x00000000080007d0        0x0 linker stubs
 *(.eh_frame)
 .eh_frame      0x00000000080007d0        0x0 /opt/st/stm32cubeide_1.14.0/plugins/com.st.stm32cube.ide.mcu.externaltools.gnu-tools-for-stm32.11.3.rel1.linux64_1.1.100.202309141235/tools/bin/../lib/gcc/arm-none-eabi/11.3.1/thumb/v7e-m/nofp/crtbegin.o
 *(.init)
 .init          0x00000000080007d0        0x4 /opt/st/stm32cubeide_1.14.0/plugins/com.st.stm32cube.ide.mcu.externaltools.gnu-tools-for-stm32.11.3.rel1.linux64_1.1.100.202309141235/tools/bin/../lib/gcc/arm-none-eabi/11.3.1/thumb/v7e-m/nofp/crti.o
                0x00000000080007d0                _init
 .init          0x00000000080007d4        0x8 /opt/st/stm32cubeide_1.14.0/plugins/com.st.stm32cube.ide.mcu.externaltools.gnu-tools-for-stm32.11.3.rel1.linux64_1.1.100.202309141235/tools/bin/../lib/gcc/arm-none-eabi/11.3.1/thumb/v7e-m/nofp/crtn.o
 *(.fini)
 .fini          0x00000000080007dc        0x4 /opt/st/stm32cubeide_1.14.0/plugins/com.st.stm32cube.ide.mcu.externaltools.gnu-tools-for-stm32.11.3.rel1.linux64_1.1.100.202309141235/tools/bin/../lib/gcc/arm-none-eabi/11.3.1/thumb/v7e-m/nofp/crti.o
                0x00000000080007dc                _fini
 .fini          0x00000000080007e0        0x8 /opt/st/stm32cubeide_1.14.0/plugins/com.st.stm32cube.ide.mcu.externaltools.gnu-tools-for-stm32.11.3.rel1.linux64_1.1.100.202309141235/tools/bin/../lib/gcc/arm-none-eabi/11.3.1/thumb/v7e-m/nofp/crtn.o
                0x00000000080007e8                . = ALIGN (0x4)
                0x00000000080007e8                _etext = .

.vfp11_veneer   0x00000000080007e8        0x0
 .vfp11_veneer  0x00000000080007e8        0x0 linker stubs

.v4_bx          0x00000000080007e8        0x0
 .v4_bx         0x00000000080007e8        0x0 linker stubs

.iplt           0x00000000080007e8        0x0
 .iplt          0x00000000080007e8        0x0 /opt/st/stm32cubeide_1.14.0/plugins/com.st.stm32cube.ide.mcu.externaltools.gnu-tools-for-stm32.11.3.rel1.linux64_1.1.100.202309141235/tools/bin/../lib/gcc/arm-none-eabi/11.3.1/thumb/v7e-m/nofp/crtbegin.o

.rel.dyn        0x00000000080007e8        0x0
 .rel.iplt      0x00000000080007e8        0x0 /opt/st/stm32cubeide_1.14.0/plugins/com.st.stm32cube.ide.mcu.externaltools.gnu-tools-for-stm32.11.3.rel1.linux64_1.1.100.202309141235/tools/bin/../lib/gcc/arm-none-eabi/11.3.1/thumb/v7e-m/nofp/crtbegin.o

.rodata         0x00000000080007e8        0x0
                0x00000000080007e8                . = ALIGN (0x4)
 *(.rodata)
 *(.rodata*)
                0x00000000080007e8                . = ALIGN (0x4)

.ARM.extab      0x00000000080007e8        0x0
                0x00000000080007e8                . = ALIGN (0x4)
 *(.ARM.extab* .gnu.linkonce.armextab.*)
                0x00000000080007e8                . = ALIGN (0x4)

.ARM            0x00000000080007e8        0x0
                0x00000000080007e8                . = ALIGN (0x4)
                0x00000000080007e8                __exidx_start = .
 *(.ARM.exidx*)
                0x00000000080007e8                __exidx_end = .
                0x00000000080007e8                . = ALIGN (0x4)

.preinit_array  0x00000000080007e8        0x0
                0x00000000080007e8                . = ALIGN (0x4)
                0x00000000080007e8                PROVIDE (__preinit_array_start = .)
 *(.preinit_array*)
                0x00000000080007e8                PROVIDE (__preinit_array_end = .)
                0x00000000080007e8                . = ALIGN (0x4)

.init_array     0x00000000080007e8        0x4
                0x00000000080007e8                . = ALIGN (0x4)
                0x00000000080007e8                PROVIDE (__init_array_start = .)
 *(SORT_BY_NAME(.init_array.*))
 *(.init_array*)
 .init_array    0x00000000080007e8        0x4 /opt/st/stm32cubeide_1.14.0/plugins/com.st.stm32cube.ide.mcu.externaltools.gnu-tools-for-stm32.11.3.rel1.linux64_1.1.100.202309141235/tools/bin/../lib/gcc/arm-none-eabi/11.3.1/thumb/v7e-m/nofp/crtbegin.o
                0x00000000080007ec                PROVIDE (__init_array_end = .)
                0x00000000080007ec                . = ALIGN (0x4)

.fini_array     0x00000000080007ec        0x4
                0x00000000080007ec                . = ALIGN (0x4)
                [!provide]                        PROVIDE (__fini_array_start = .)
 *(SORT_BY_NAME(.fini_array.*))
 *(.fini_array*)
 .fini_array    0x00000000080007ec        0x4 /opt/st/stm32cubeide_1.14.0/plugins/com.st.stm32cube.ide.mcu.externaltools.gnu-tools-for-stm32.11.3.rel1.linux64_1.1.100.202309141235/tools/bin/../lib/gcc/arm-none-eabi/11.3.1/thumb/v7e-m/nofp/crtbegin.o
                [!provide]                        PROVIDE (__fini_array_end = .)
                0x00000000080007f0                . = ALIGN (0x4)
                0x00000000080007f0                _sidata = LOADADDR (.data)

.data           0x0000000020000000        0x0 load address 0x00000000080007f0
                0x0000000020000000                . = ALIGN (0x4)
                0x0000000020000000                _sdata = .
 *(.data)
 *(.data*)
 *(.RamFunc)
 *(.RamFunc*)
                0x0000000020000000                . = ALIGN (0x4)
                0x0000000020000000                _edata = .

.igot.plt       0x0000000020000000        0x0 load address 0x00000000080007f0
 .igot.plt      0x0000000020000000        0x0 /opt/st/stm32cubeide_1.14.0/plugins/com.st.stm32cube.ide.mcu.externaltools.gnu-tools-for-stm32.11.3.rel1.linux64_1.1.100.202309141235/tools/bin/../lib/gcc/arm-none-eabi/11.3.1/thumb/v7e-m/nofp/crtbegin.o
                0x0000000020000000                . = ALIGN (0x4)

.bss            0x0000000020000000       0x40 load address 0x00000000080007f0
                0x0000000020000000                _sbss = .
                0x0000000020000000                __bss_start__ = _sbss
 *(.bss)
 .bss           0x0000000020000000       0x1c /opt/st/stm32cubeide_1.14.0/plugins/com.st.stm32cube.ide.mcu.externaltools.gnu-tools-for-stm32.11.3.rel1.linux64_1.1.100.202309141235/tools/bin/../lib/gcc/arm-none-eabi/11.3.1/thumb/v7e-m/nofp/crtbegin.o
 *(.bss*)
 .bss.LED       0x000000002000001c        0xc ./Src/main.o
                0x000000002000001c                LED
 .bss.LED2      0x0000000020000028        0xc ./Src/main.o
                0x0000000020000028                LED2
 .bss.BUTTON    0x0000000020000034        0xc ./Src/main.o
                0x0000000020000034                BUTTON
 *(COMMON)
                0x0000000020000040                . = ALIGN (0x4)
                0x0000000020000040                _ebss = .
                0x0000000020000040                __bss_end__ = _ebss

._user_heap_stack
                0x0000000020000040      0x600 load address 0x00000000080007f0
                0x0000000020000040                . = ALIGN (0x8)
                0x0000000020000040                PROVIDE (end = .)
                [!provide]                        PROVIDE (_end = .)
                0x0000000020000240                . = (. + _Min_Heap_Size)
 *fill*         0x0000000020000040      0x200 
                0x0000000020000640                . = (. + _Min_Stack_Size)
 *fill*         0x0000000020000240      0x400 
                0x0000000020000640                . = ALIGN (0x8)

/DISCARD/
 libc.a(*)
 libm.a(*)
 libgcc.a(*)

.ARM.attributes
                0x0000000000000000       0x2a
 *(.ARM.attributes)
 .ARM.attributes
                0x0000000000000000       0x1e /opt/st/stm32cubeide_1.14.0/plugins/com.st.stm32cube.ide.mcu.externaltools.gnu-tools-for-stm32.11.3.rel1.linux64_1.1.100.202309141235/tools/bin/../lib/gcc/arm-none-eabi/11.3.1/thumb/v7e-m/nofp/crti.o
 .ARM.attributes
                0x000000000000001e       0x2e /opt/st/stm32cubeide_1.14.0/plugins/com.st.stm32cube.ide.mcu.externaltools.gnu-tools-for-stm32.11.3.rel1.linux64_1.1.100.202309141235/tools/bin/../lib/gcc/arm-none-eabi/11.3.1/thumb/v7e-m/nofp/crtbegin.o
 .ARM.attributes
                0x000000000000004c       0x2e ./Drivers/Src/stm32f446xx_gpio.o
 .ARM.attributes
                0x000000000000007a       0x2e ./Src/main.o
 .ARM.attributes
                0x00000000000000a8       0x21 ./Startup/startup_stm32f446retx.o
 .ARM.attributes
                0x00000000000000c9       0x2e /opt/st/stm32cubeide_1.14.0/plugins/com.st.stm32cube.ide.mcu.externaltools.gnu-tools-for-stm32.11.3.rel1.linux64_1.1.100.202309141235/tools/bin/../lib/gcc/arm-none-eabi/11.3.1/../../../../arm-none-eabi/lib/thumb/v7e-m/nofp/libc_nano.a(libc_a-init.o)
 .ARM.attributes
                0x00000000000000f7       0x1e /opt/st/stm32cubeide_1.14.0/plugins/com.st.stm32cube.ide.mcu.externaltools.gnu-tools-for-stm32.11.3.rel1.linux64_1.1.100.202309141235/tools/bin/../lib/gcc/arm-none-eabi/11.3.1/thumb/v7e-m/nofp/crtn.o
OUTPUT(stm32f4xx_drivers.elf elf32-littlearm)
LOAD linker stubs
LOAD /opt/st/stm32cubeide_1.14.0/plugins/com.st.stm32cube.ide.mcu.externaltools.gnu-tools-for-stm32.11.3.rel1.linux64_1.1.100.202309141235/tools/bin/../lib/gcc/arm-none-eabi/11.3.1/../../../../arm-none-eabi/lib/thumb/v7e-m/nofp/libc.a
LOAD /opt/st/stm32cubeide_1.14.0/plugins/com.st.stm32cube.ide.mcu.externaltools.gnu-tools-for-stm32.11.3.rel1.linux64_1.1.100.202309141235/tools/bin/../lib/gcc/arm-none-eabi/11.3.1/../../../../arm-none-eabi/lib/thumb/v7e-m/nofp/libm.a
LOAD /opt/st/stm32cubeide_1.14.0/plugins/com.st.stm32cube.ide.mcu.externaltools.gnu-tools-for-stm32.11.3.rel1.linux64_1.1.100.202309141235/tools/bin/../lib/gcc/arm-none-eabi/11.3.1/thumb/v7e-m/nofp/libgcc.a

.comment        0x0000000000000000       0x43
 .comment       0x0000000000000000       0x43 /opt/st/stm32cubeide_1.14.0/plugins/com.st.stm32cube.ide.mcu.externaltools.gnu-tools-for-stm32.11.3.rel1.linux64_1.1.100.202309141235/tools/bin/../lib/gcc/arm-none-eabi/11.3.1/thumb/v7e-m/nofp/crtbegin.o
                                         0x44 (size before relaxing)
 .comment       0x0000000000000043       0x44 ./Drivers/Src/stm32f446xx_gpio.o
 .comment       0x0000000000000043       0x44 ./Src/main.o

.debug_info     0x0000000000000000      0xb77
 .debug_info    0x0000000000000000      0x6ed ./Drivers/Src/stm32f446xx_gpio.o
 .debug_info    0x00000000000006ed      0x467 ./Src/main.o
 .debug_info    0x0000000000000b54       0x23 ./Startup/startup_stm32f446retx.o

.debug_abbrev   0x0000000000000000      0x2fc
 .debug_abbrev  0x0000000000000000      0x161 ./Drivers/Src/stm32f446xx_gpio.o
 .debug_abbrev  0x0000000000000161      0x189 ./Src/main.o
 .debug_abbrev  0x00000000000002ea       0x12 ./Startup/startup_stm32f446retx.o

.debug_aranges  0x0000000000000000       0xb0
 .debug_aranges
                0x0000000000000000       0x58 ./Drivers/Src/stm32f446xx_gpio.o
 .debug_aranges
                0x0000000000000058       0x30 ./Src/main.o
 .debug_aranges
                0x0000000000000088       0x28 ./Startup/startup_stm32f446retx.o

.debug_rnglists
                0x0000000000000000       0x7a
 .debug_rnglists
                0x0000000000000000       0x40 ./Drivers/Src/stm32f446xx_gpio.o
 .debug_rnglists
                0x0000000000000040       0x21 ./Src/main.o
 .debug_rnglists
                0x0000000000000061       0x19 ./Startup/startup_stm32f446retx.o

.debug_macro    0x0000000000000000     0x124f
 .debug_macro   0x0000000000000000       0x7c ./Drivers/Src/stm32f446xx_gpio.o
 .debug_macro   0x000000000000007c      0xaa2 ./Drivers/Src/stm32f446xx_gpio.o
 .debug_macro   0x0000000000000b1e       0x22 ./Drivers/Src/stm32f446xx_gpio.o
 .debug_macro   0x0000000000000b40       0x8e ./Drivers/Src/stm32f446xx_gpio.o
 .debug_macro   0x0000000000000bce       0x51 ./Drivers/Src/stm32f446xx_gpio.o
 .debug_macro   0x0000000000000c1f      0x103 ./Drivers/Src/stm32f446xx_gpio.o
 .debug_macro   0x0000000000000d22       0x6a ./Drivers/Src/stm32f446xx_gpio.o
 .debug_macro   0x0000000000000d8c      0x1df ./Drivers/Src/stm32f446xx_gpio.o
 .debug_macro   0x0000000000000f6b      0x132 ./Drivers/Src/stm32f446xx_gpio.o
 .debug_macro   0x000000000000109d       0x7a ./Src/main.o
 .debug_macro   0x0000000000001117      0x138 ./Src/main.o

.debug_line     0x0000000000000000      0xb93
 .debug_line    0x0000000000000000      0x6ba ./Drivers/Src/stm32f446xx_gpio.o
 .debug_line    0x00000000000006ba      0x45e ./Src/main.o
 .debug_line    0x0000000000000b18       0x7b ./Startup/startup_stm32f446retx.o

.debug_str      0x0000000000000000     0x4956
 .debug_str     0x0000000000000000     0x48f4 ./Drivers/Src/stm32f446xx_gpio.o
                                       0x4a6e (size before relaxing)
 .debug_str     0x00000000000048f4       0x33 ./Src/main.o
                                       0x491f (size before relaxing)
 .debug_str     0x0000000000004927       0x2f ./Startup/startup_stm32f446retx.o
                                         0x79 (size before relaxing)

.debug_frame    0x0000000000000000      0x1ec
 .debug_frame   0x0000000000000000      0x14c ./Drivers/Src/stm32f446xx_gpio.o
 .debug_frame   0x000000000000014c       0x74 ./Src/main.o
 .debug_frame   0x00000000000001c0       0x2c /opt/st/stm32cubeide_1.14.0/plugins/com.st.stm32cube.ide.mcu.externaltools.gnu-tools-for-stm32.11.3.rel1.linux64_1.1.100.202309141235/tools/bin/../lib/gcc/arm-none-eabi/11.3.1/../../../../arm-none-eabi/lib/thumb/v7e-m/nofp/libc_nano.a(libc_a-init.o)

.debug_line_str
                0x0000000000000000       0x6d
 .debug_line_str
                0x0000000000000000       0x6d ./Startup/startup_stm32f446retx.o
                                         0x85 (size before relaxing)
